[2023/03/07 11:26:46] [WARNING] Warning d'info
[2023/03/07 11:26:46] [DEBUG] World test.log
